==============================================================================
OCFL → Parcel join hit-rate v2 (SQL-side match, full Orange Co. coverage)
==============================================================================
Loaded: 247 total, 131 accepted by filter stack

  [progress] 0/131 strict=0 variant=0
  [progress] 25/131 strict=13 variant=6
  [progress] 50/131 strict=21 variant=8
  [progress] 75/131 strict=25 variant=15
  [progress] 100/131 strict=36 variant=18
  [progress] 125/131 strict=44 variant=21

==============================================================================
HIT-RATE RESULTS
==============================================================================
  Total accepted (post-filter):    131
  Strict matches:                  46  (35.1%)
  Suffix-variant additional:       23  (17.6%)
  TOTAL matches (strict+variant):  69  (52.7%)

  End-to-end (matches / raw fetched): 27.9%

==============================================================================
KILL-LINE CHECK (verifier threshold)
==============================================================================
  Verdict: GREEN  — above 30%; build with confidence

==============================================================================
STRICT MATCH SAMPLES (top 15)
==============================================================================
  [26004074] ABSOLU, ALEXANDER  
    booking:  6401 LOST TREE CT, ORLANDO 32818
    parcel:   6401 LOST TREE CT, Orlando 32818
    owner:    ABSOLU LIFAITE
  [26019011] ACOSTAGONZALEZ, ELIAS  
    booking:  1115 LINTON AVE, ORLANDO 32809
    parcel:   1115 LINTON AVE, Orlando 32809
    owner:    MAVAREZ ROMERO ANNI C
  [26018304] ADKINS, DEMONTA DEON 
    booking:  404 DECLARATION DR, ORLANDO 32809
    parcel:   404 DECLARATION DR, Orlando 32809
    owner:    NI RENGUAN
  [26014280] ADORNOROSA, LUIS FRANCISCO 
    booking:  4530 CROSSEN DR, ORLANDO 32822
    parcel:   4530 CROSSEN DR, Orlando 32822
    owner:    ADORNO LUIS F
  [25032127] AHN, PETER  
    booking:  3915 ROUND LAKE RD, ZELLWOOD 32789
    parcel:   3915 ROUND LAKE RD, Zellwood 32798
    owner:    FOLIAGE LINK LLC
  [26006652] AIRALL, JOASH CURTIS 
    booking:  1140 AUDUBON WAY, MAITLAND 32751
    parcel:   1140 AUDUBON WAY, Maitland 32751
    owner:    BETTY ROSETTA
  [26012086] AKINS, J'RAVEUS LAMAR 
    booking:  4610 CONLEY ST, ORLANDO 32811
    parcel:   4610 CONLEY ST, Orlando 32811
    owner:    WILEY WANDA M
  [26016875] ALDRICH, RICHARD EARL JR JR
    booking:  18013 HOLLISTER RD, ORLANDO 32820
    parcel:   18013 HOLLISTER RD, Orlando 32820
    owner:    WELLONS BOBBY L
  [26016120] ALEXANDER, ASHLEY MIKA 
    booking:  6844 WESTBOROUGH LN, ORLANDO 32818
    parcel:   6844 WESTBOROUGH LN, Orlando 32818
    owner:    STOVER JOHN L
  [26011426] ALEXANDER, CLIFTON TYRONE II
    booking:  4495 CANNA DR, ORLANDO 32839
    parcel:   4495 CANNA DR, Orlando 32839
    owner:    JERROLD KUCHINSKAS AND VICKY L
  [25019923] ALEXANDRE, RASHAD ISAIAH 
    booking:  5040 MALLARD POND CT, ORLANDO 32808
    parcel:   5040 MALLARD POND CT, Orlando 32808
    owner:    SRP SUB LLC
  [23028373] ALFAROLOPEZ, MILTON  
    booking:  7912 STONECASTLE RD, ORLANDO 32822
    parcel:   7912 STONECASTLE RD, Orlando 32822
    owner:    KONAN RAYMOND W
  [26009510] ALI, SOLOMON ANTONIO 
    booking:  6612 SWYEAR CT, ORLANDO 32818
    parcel:   6612 SWYEAR CT, Orlando 32818
    owner:    ALI ZASIM
  [26001928] ALIE, NADEER DENNIS JR
    booking:  7413 HERRICKS LOOP, ORLANDO 32835
    parcel:   7413 HERRICKS LOOP, Orlando 32835
    owner:    ALIE NADEER DENNIS JR
  [26018934] ALMAZANCARRANZA, JOSE ARMANDO 
    booking:  1103 JESSICA AVE, ORLANDO 32807
    parcel:   1103 JESSICA AVE, Orlando 32807
    owner:    AVILA JUNCOS YADIRA E

==============================================================================
VARIANT-ONLY MATCH SAMPLES (top 15)
==============================================================================
  [26003073] ABDONFERNANDEZ, JOAQUIN NOEL 
    booking:  8545 WICHITA PLACE, ORLANDO 32827
    parcel:   8545 WICHITA PL, Orlando 32827
    owner:    ABDON JOAQUIN N
    variants: 8545 WICHITA PLACE | 8545 WICHITA PL
  [26018557] ACEVEDO, DAVID NOEL 
    booking:  13410 BELOIT WOODS LANE, ORLANDO 32824
    parcel:   13410 BELOIT WOODS LN, Orlando 32824
    owner:    ACEVEDO DIOGENES
    variants: 13410 BELOIT WOODS LANE | 13410 BELOIT WOODS LN
  [23024055] ADAMS, KNY  
    booking:  1700 HINCKLEY ROAD, ORLANDO 
    parcel:   1700 HINCKLEY RD, Orlando 32818
    owner:    MCQUEEN JUANITA ELAINE 66.66%
    variants: 1700 HINCKLEY ROAD | 1700 HINCKLEY RD
  [25040419] ADAMS, MAKAILEN DSHAY 
    booking:  4900 CENTER LANE, ORLANDO 32808
    parcel:   4900 CENTER LN, Orlando 32808
    owner:    BRIDGES LARRY LAMAR
    variants: 4900 CENTER LANE | 4900 CENTER LN
  [26010274] ADLER, JURENAL  
    booking:  14522 LIBERTY STREET, ORLANDO 32826
    parcel:   14522 LIBERTY ST, Orlando 32826
    owner:    PHAM THUC CONG
    variants: 14522 LIBERTY STREET | 14522 LIBERTY ST
  [26012170] ALFRED, DAVE STEPHEN 
    booking:  4552 HERITAGE OAK DRIVE, ORLANDO 32808
    parcel:   4552 HERITAGE OAK DR, Orlando 32808
    owner:    SEMMEL GLENN SCOTT LIFE ESTATE
    variants: 4552 HERITAGE OAK DRIVE | 4552 HERITAGE OAK DR
  [26015966] ANDERSON, DEONTE  
    booking:  4120 COVINGTON STREET, ORLANDO 32811
    parcel:   4120 COVINGTON ST, Orlando 32811
    owner:    ROTH CHRISTOPHER
    variants: 4120 COVINGTON STREET | 4120 COVINGTON ST
  [26013712] ANDESRON, TONY  JR
    booking:  2209 DIAMOND DRIVE, ORLANDO 32807
    parcel:   2209 DIAMOND DR, Orlando 32807
    owner:    DELVA STANLEY A
    variants: 2209 DIAMOND DRIVE | 2209 DIAMOND DR
  [25025886] ARABU, YOSEFI BICO 
    booking:  5627 LUNSFORD DRIVE, ORLANDO 32818
    parcel:   5627 LUNSFORD DR, Orlando 32818
    owner:    GATEWAY PLACE LLC
    variants: 5627 LUNSFORD DRIVE | 5627 LUNSFORD DR
  [25032308] ARMSTRONG, JOSEPH MICHAEL 
    booking:  660 BROADMOOR DRIVE, ORLANDO 32819
    parcel:   660 BROADMOOR DR, Orlando 32809
    owner:    ARMANI DANIEL S
    variants: 660 BROADMOOR DRIVE | 660 BROADMOOR DR
  [23019473] ARROYOGALVA, RAMON LUIS 
    booking:  10055 IAN STREET, ORLANDO 32825
    parcel:   10055 IAN ST, Orlando 32825
    owner:    ARROYO DOMINGO
    variants: 10055 IAN STREET | 10055 IAN ST
  [26007210] ASHLEY, ANDRE TYRICE 
    booking:  4655 CEPEDA STREET, ORLANDO 32811
    parcel:   4655 CEPEDA ST, Orlando 32811
    owner:    PRELUDE HOMES LLC
    variants: 4655 CEPEDA STREET | 4655 CEPEDA ST
  [26018902] ATKINSON, WHITHCLIFF NATHANIEL 
    booking:  11602 CAMERON STREET, ORLANDO 32839
    parcel:   11602 CAMERON ST, Orlando 32817
    owner:    SUAREZ REYNALDO
    variants: 11602 CAMERON STREET | 11602 CAMERON ST
  [25022925] BAEZ, CHRISTOPHER DE JESUS 
    booking:  821 FABER DRIVE, ORLANDO 32822
    parcel:   821 FABER DR, Orlando 32822
    owner:    RAMOS QUINTERO ESTELA
    variants: 821 FABER DRIVE | 821 FABER DR
  [26015425] BAKER, BIANCA LYINELL 
    booking:  214 W 10TH STREET, APOPKA 32703
    parcel:   214 W 10TH ST, Apopka 32703
    owner:    NORMAN RAYSHAWN
    variants: 214 W 10TH STREET | 214 W 10TH ST

==============================================================================
MISS SAMPLES (no match in countyFips=12095) — top 25
==============================================================================
  [24024441] ACTIE, JABEZ                              6408 NARCOOSSEE RD.  (zip 32828)
  [26015835] ADAMS, RASHAWN IMANI                      ****HOMELESS****  (zip )
  [26018183] ADDISON, TYLIK LASHAUD                    1413 MCCONIHE ST  (zip 32209)
  [26018729] AGUASLANDAVERDE, JORGE                    315 ALABAMA AVE  (zip 32703)
  [26015249] ALBANO, JEFFREY JOSEPH                    2349 BUKINGHAM ROAD  (zip 32805)
  [26008985] ALEXIS, GESPER                            ***TRANSIENT****  (zip 32818)
  [26016310] ALICEA, DESIREE                           TRANSIENT T  (zip 32802)
  [26008562] ALICEA, EMANUEL SOLIVAN                   983 1ST PLACE  (zip 32750)
  [25033127] ALICEA, GERARDO                           4669 W IRLO BRONSON MEM HIGHWAY RM 123  (zip 34746)
  [26019027] ALLEN, DARRELL ANTOINE                    905 INDIANA STREET  (zip 32805)
  [26001198] ALLEN, TERRENCE CHRISTOPHER               3130 ROGERO RD  (zip )
  [25008576] ALLISON, NOAH                             3606 ARISTOTLE AVE  (zip 32826)
  [26014180] ALSINATAMAYO, JOEL                        TRANSIENT TRANSIENT  (zip 33127)
  [26017637] ALVARDORICKETT, ANNER ORLANDO             624 LEXINGTON AVE  (zip 32801)
  [26001897] ALVAREZRIVERA, RAMON                      1220 TRILLIUM PARK LN  (zip 32773)
  [26019059] AMAYA, ORIAN LILLIAN                      414 BROOKFIELD TER  (zip 32724)
  [26015158] ANDERSON, MICHAEL CHRISTOPHER             ****HOMELESS****  (zip )
  [26000653] ANDERSON, NORMAN GARRISON                 1701 HISTORIC GOLDSBORO BLVD  (zip 32771)
  [21027028] ANDINO, NORBERTO  JR                      DOESNT KNOW  (zip )
  [26017933] ANTHONY, RASHAN ASAN                      18 N TERRY AVE  (zip 32801)
  [26002316] ANTHONY, SHEMAR LATRELL                   4501 LAKE LAWN AVE  (zip 32808)
  [26017879] ARIAS, ARTURO                             1375 RISING SUN BLVD  (zip 32708)
  [26018870] ARZATEHERNANDEZ, MAURICIO                 1072 ASPEN WAY  (zip 32703)
  [26015198] ASTACIO, VIRGEN                           DOES NOT KNOW ADDRESS  (zip 32822)
  [25026028] AULETTORRES, CARLOS MANUEL                4455 CAMERON PRESERVE CIR  (zip 34746)
