==============================================================================
OCFL 200-row re-probe — address-join feasibility validation
==============================================================================
Proxy: DIRECT (no proxy set)
Mean rate: 2500ms with σ≈30% jitter via politeFetch
Started: 0.5s into process

  [list A] returned=134 new=134 cumulative=134
  [list B] returned=263 new=263 cumulative=397
  reached ~300 unique bookings — stopping enumeration early

Fetching details for 250 bookings...
  [detail 1/250] booking=26003073 success=1 fail=0
  [detail 26/250] booking=26014280 success=26 fail=0
  [detail 51/250] booking=25019923 success=48 fail=3
  [detail 76/250] booking=26007082 success=73 fail=3
  [detail 101/250] booking=26019114 success=98 fail=3
  [detail 126/250] booking=26018094 success=123 fail=3
  [detail 151/250] booking=26017310 success=148 fail=3
  [detail 176/250] booking=26006136 success=173 fail=3
  [detail 201/250] booking=26016288 success=198 fail=3
  [detail 226/250] booking=26018886 success=223 fail=3

==============================================================================
RE-PROBE COMPLETE
==============================================================================
  enumerated:           397
  detail successes:     247
  detail failures:      3
  rejections (filter stack):
    empty/blank street:   15
    homeless/transient:   57
    PO Box:               0
    apartment unit:       32
    non-FL state:         12
  accepted for join:    131
  accept rate:          53.0%

  Saved to scripts/probe-artifacts/ocfl-reprobe-200.json
  Next: npx tsx scripts/compute-ocfl-join-rate.ts
